---
source: src/ui.rs
expression: render(&app).backend()
---
"╭───────────── Monday, October 5 2026 (today) ─────────────╮"
"│1. Buy milk                                               │"
"│2. Book dentist                                           │"
"│── Completed (2) ─────────────────────────────────────────│"
"│✓  Call mom                                               │"
"│✓  Write report ≡                                         │"
"│                                                          │"
"│                                                          │"
"╰──── h ← prev day · k ↑ up · j ↓ down · next day → l ─────╯"
" NORMAL   a add  e edit  x done  d delete  ↵ notes  q quit  "
