---
source: src/ui.rs
expression: "render_sized(&app, 70, 16).backend()"
---
"╭────────────────── Monday, October 5 2026 (today) ──────────────────╮"
"│1.╭ Options ─────────────────────────────────────────────────────╮  │"
"│  │ Accessibility                                                │  │"
"│  │ [x] Semantic priority icons                                  │  │"
"│  │     Show ∧ High, – Medium and ∨ Low beside triaged items,    │  │"
"│  │     not just a colour.                                       │  │"
"│  │ [ ] No colours                                               │  │"
"│  │     Draw everything in the terminal's own colours.           │  │"
"│  │     Highlights use reversed text.                            │  │"
"│  │                                                              │  │"
"│  │ Notes                                                        │  │"
"│  │ Notes editor: Built-in                                       │  │"
"│  │   A command to open notes files with, like nvim. Leave it    │  │"
"│  │   empty for todoro's own editor.                             │  │"
"╰──╰──────────── j/k move · space toggle · esc close ─────────────╯──╯"
" OPTIONS   j/k move  space toggle  esc close                          "
