---
source: src/ui.rs
expression: "render_sized(&app, 80, 24).backend()"
---
"╭─────────────────────── Monday, October 5 2026 (today) ───────────────────────╮"
"│1. ╭ Keybindings ─────────────────────────────────────────────────────────╮   │"
"│   │ Search: type a key like x, or a word like undo                       │   │"
"│   │ ──────────────────────────────────────────────────────────────────── │   │"
"│   │ Search                                                               │   │"
"│   │   ↑ / ↓               Select a result                                │   │"
"│   │   Enter               Go to the selected item                        │   │"
"│   │   Esc                 Close the search                               │   │"
"│   │                                                                      │   │"
"│   │ Calendar                                                             │   │"
"│   │   h j k l             Move by day and week, following the layout     │   │"
"│   │   H / L               Previous / next month                          │   │"
"│   │   t                   Jump to today                                  │   │"
"│   │   w / m / y           Week / month / year view                       │   │"
"│   │   a                   Add an item to the selected day                │   │"
"│   │   Enter               Open the selected day's list                   │   │"
"│   │   u / Ctrl+R          Undo / redo                                    │   │"
"│   │   ?                   Show this help                                 │   │"
"│   │   Esc / q / c         Back to the list                               │   │"
"│   │                                                                      │   │"
"│   │ Anywhere                                                             │   │"
"│   │   Ctrl+C              Quit                                           │   │"
"╰───╰─────────────────────── ↑/↓ scroll · esc close ───────────────────────╯───╯"
" HELP   type to search  ↑/↓ scroll  esc close                                   "
