---
source: src/ui.rs
expression: terminal.backend()
---
"╭─── Monday, October 5 2026 (today) ───╮"
"│3. three                              │"
"│4. four                               │"
"│5. Ring the council about the parking │"
"│   permit renewal and ask whether the │"
"│   visitor passes                     │"
"╰─── h ← day · k ↑ · j ↓ · day → l ────╯"
" NORMAL   a add  e edit  x done  ? help "
