---
source: src/ui.rs
expression: render(&app).backend()
---
"╭────────────────────── 1. Buy milk ───────────────────────╮"
"│ oat milk                                                 │"
"│                                                          │"
"│                                                          │"
"│                                                          │"
"│                                                          │"
"│                                                          │"
"│                                                          │"
"╰─────────────────── esc/q back to list ───────────────────╯"
" INSERT   esc normal mode                                   "
