---
source: src/ui.rs
expression: "render_sized(&app, 70, 24).backend()"
---
"╭ Home ──────────── Monday, October 5 2026 (today) ──────────────────╮"
"│1. Home item                                                        │"
"│                                                                    │"
"│                                                                    │"
"│  ╭ Options ─────────────────────────────────────────────────────╮  │"
"│  │ Accessibility                                                │  │"
"│  │ [ ] Semantic priority icons                                  │  │"
"│  │     Show ∧ High, – Medium and ∨ Low beside triaged items,    │  │"
"│  │     not just a colour.                                       │  │"
"│  │ [ ] No colours                                               │  │"
"│  │     Draw everything in the terminal's own colours.           │  │"
"│  │     Highlights use reversed text.                            │  │"
"│  │                                                              │  │"
"│  │ Data                                                         │  │"
"│  │ Todoro folder: ~/todoro                                      │  │"
"│  │   Where every workspace is kept. Enter to move them all to   │  │"
"│  │   another folder.                                            │  │"
"│  │   Move to:                                                   │  │"
"│  │   › ~/todoro                                                 │  │"
"│  ╰──────────── j/k move · space toggle · esc close ─────────────╯  │"
"│                                                                    │"
"│                                                                    │"
"╰───────── h ← prev day · k ↑ up · j ↓ down · next day → l ──────────╯"
" OPTIONS   j/k move  space toggle  esc close                          "
