---
source: src/ui.rs
expression: render(&app).backend()
---
"╭───────────── Monday, October 5 2026 (today) ─────────────╮"
"│    ╭ Delete item? ──────────────────────────────────╮    │"
"│    │1. so many words so many words so many words so │    │"
"│    │   many words so many words so many words so    │    │"
"│    │   many words so many words so many words so    │    │"
"│    │   many words so many words so many words so…   │    │"
"│    │                                                │    │"
"│    │               d delete   c cancel              │    │"
"╰────╰────────────────────────────────────────────────╯────╯"
" DELETE   d confirm  c cancel                               "
