---
source: src/ui.rs
expression: terminal.backend()
---
"╭─────────────────────── Monday, October 5 2026 (today) ───────────────────────╮"
"│1. ╭ Keybindings ─────────────────────────────────────────────────────────╮   │"
"│   │ Search: type a key like x, or a word like undo                       │   │"
"│   │ ──────────────────────────────────────────────────────────────────── │   │"
"│   │ List                                                                 │   │"
"│   │   h / l               Previous / next day                            │   │"
"│   │   t                   Go to today                                    │   │"
"│   │   j / k               Move down / up                                 │   │"
"│   │   gg / G              First / last item                              │   │"
"│   │   J / K               Move the item down / up the list               │   │"
"│   │   H / L               Move the item to the previous / next day       │   │"
"│   │   a                   Add an item below the cursor                   │   │"
"│   │   e                   Edit the selected item                         │   │"
"│   │   x                   Mark the selected item done / not done         │   │"
"│   │   m                   Pin / unpin: move to today until done          │   │"
"│   │   V                   Select several items                           │   │"
"│   │   !                   Triage: High, Medium, Low, then none           │   │"
"│   │   d                   Delete the selected item                       │   │"
"│   │   yy                  Copy the selected item                         │   │"
"│   │   p / P               Paste below / above (also after deleting)      │   │"
"│   │   Enter               Open the selected item's notes                 │   │"
"│   │   c                   Open the calendar                              │   │"
"╰───╰─────────────────────── ↑/↓ scroll · esc close ───────────────────────╯───╯"
" HELP   type to search  ↑/↓ scroll  esc close                                   "
