---
source: src/ui.rs
expression: narrow_screens(30)
---
list
"╭─ Mon, Oct 5 2026 (today) ──╮"
"│1. Buy milk                 │"
"│2. Write the quarterly      │"
"│   report for the team ≡    │"
"│                            │"
"│                            │"
"│                            │"
"│                            │"
"│                            │"
"│                            │"
"╰──── h/l day · j/k move ────╯"
" NORMAL   a add  ? help       "

adding
"╭─ Mon, Oct 5 2026 (today) ──╮"
"│1. Buy milk                 │"
"│2.                          │"
"│3. Write the quarterly      │"
"│   report for the team ≡    │"
"│                            │"
"│                            │"
"│                            │"
"│                            │"
"│                            │"
"╰──── h/l day · j/k move ────╯"
" INSERT   enter/esc save      "

notes
"╭─ 2. Write the quarterly … ─╮"
"│  1 ## Q3                   │"
"│  2 - Ask for Q3 numbers    │"
"│  3 - [ ] Book a room       │"
"│                            │"
"│                            │"
"│                            │"
"│                            │"
"│                            │"
"│                            │"
"╰──── esc/q back to list ────╯"
" NORMAL   i/a/o insert  ? help"

help
"╭─ 2. Write the quarterly … ─╮"
"│ ╭ Keybindings ───────────╮ │"
"│ │ Search: key or word    │ │"
"│ │ ────────────────────── │ │"
"│ │ List                   │ │"
"│ │   h / l                │ │"
"│ │     Previous / next    │ │"
"│ │     day                │ │"
"│ │   t                    │ │"
"│ │     Go to today        │ │"
"╰─╰ ↑/↓ scroll · esc close ╯─╯"
" HELP   ↑/↓ scroll  esc close "

viewing notes
"╭─ 2. Write the quarterly … ─╮"
"│ Q3                         │"
"│ ──                         │"
"│                            │"
"│ • Ask for Q3 numbers       │"
"│ ☐ Book a room              │"
"│                            │"
"│                            │"
"│                            │"
"│                            │"
"╰───────── esc back ──── All ╯"
" VIEW   i edit  ? help        "

empty day
"╭─ Tuesday, October 6 2026 ──╮"
"│  Nothing to do. Press a to │"
"│        add an item.        │"
"│                            │"
"│                            │"
"│                            │"
"│                            │"
"│                            │"
"│                            │"
"│                            │"
"╰──── h/l day · j/k move ────╯"
" NORMAL   a add  ? help       "
