---
source: src/ui.rs
expression: render(&app).backend()
---
"╭──────────────────── 2. Write report ─────────────────────╮"
"│  1 Draft intro by Wed                                    │"
"│  2 - ask for Q3 numbers                                  │"
"│  3 - charts                                              │"
"│                                                          │"
"│                                                          │"
"│                                                          │"
"│                                                          │"
"╰─────────────────── esc/q back to list ───────────────────╯"
" NORMAL   i/a/o insert  x delete  dd delete line  ? help    "
