---
source: src/ui.rs
expression: terminal.backend()
---
"╭───────────── Monday, October 5 2026 (today) ─────────────╮"
"│1. Buy milk                                               │"
"│                                                          │"
"│                                                          │"
"│                                                          │"
"│                                                          │"
"│                                                          │"
"│                                                          │"
"╰──── h ← prev day · k ↑ up · j ↓ down · next day → l ─────╯"
" INSERT   ←/→ move  enter/esc save  (empty asks to delete)  "
