---
source: src/ui.rs
expression: "render_sized(&app, 80, 16).backend()"
---
"╭─────────────────────── Monday, October 5 2026 (today) ───────────────────────╮"
"│1. ╭ Keybindings ─────────────────────────────────────────────────────────╮   │"
"│   │ Search: delete                                                       │   │"
"│   │ ──────────────────────────────────────────────────────────────────── │   │"
"│   │ List                                                                 │   │"
"│   │   d                   Delete the selected item                       │   │"
"│   │                                                                      │   │"
"│   │ Adding or editing an item                                            │   │"
"│   │   Backspace / Delete  Delete before / under the cursor               │   │"
"│   │                                                                      │   │"
"│   │ Delete popup                                                         │   │"
"│   │   d                   Delete the item                                │   │"
"│   │                                                                      │   │"
"│   │ Notes                                                                │   │"
"╰───╰─────────────────────── ↑/↓ scroll · esc close ───────────────────────╯───╯"
" HELP   type to search  ↑/↓ scroll  esc close                                   "
